Testing file write at $(Get-Date)

